SEED 2
BOARD:
WWWWWWWWWWWW
W    SH    W
W    S     W
W          W
W          W
W          W
W          W
W          W
W        R W
W          W
W     G G  W
WWWWWWWWWWWW

VISION
      W     
W    SH    W
            
            
            
            
            
            
            
            
      G     
      W     

