SEED 1
BOARD:
INIT
WWWWWWWWWWWW
W          W
W          W
W          W
WH         W
WSS        W
W          W
W        G W
W   R      W
W          W
W  G       W
WWWWWWWWWWWW

VISION
 W          
 0          
 0          
 0          
WH000000000W
 S          
 0          
 0          
 0          
 0          
 0          
 W          

