SEED 10
BOARD:
INIT
WWWWWW
W    W
W    W
W    W
W    W
W    W
W    W
W    W
W  R W
W    W
W    W
W G  W
W   GW
W  H W
W  SSW
W    W
W    W
W    W
W    W
WWWWWW

VISION
   W  
   0  
   0  
   0  
   0  
   0  
   0  
   0  
   R  
   0  
   0  
   0  
   0  
W00H0W
   S  
   0  
   0  
   0  
   0  
   W  

