SEED 18
BOARD:
WWWWWWWWW
W       W
W  G    W
W      RW
W       W
W       W
W    G  W
W       W
W       W
W       W
W       W
W       W
W       W
W       W
W       W
W       W
W       W
W       W
W       W
W       W
W    H  W
W    SS W
W       W
W       W
W       W
W       W
W       W
W       W
W       W
W       W
W       W
W       W
W       W
WWWWWWWWW

VISION
     W   
     0   
     0   
     0   
     0   
     0   
     G   
     0   
     0   
     0   
     0   
     0   
     0   
     0   
     0   
     0   
     0   
     0   
     0   
     0   
W0000H00W
     S   
     0   
     0   
     0   
     0   
     0   
     0   
     0   
     0   
     0   
     0   
     0   
     W   

