SEED 3
BOARD:
WWWWWWWWWWWW
W          W
WH         W
WSS        W
W G        W
W          W
W          W
W       R  W
W          W
W          W
W   G      W
WWWWWWWWWWWW

VISION
 W          
            
WH         W
 S          
            
            
            
            
            
            
            
 W          

