SEED 10
BOARD:
WWWWWW
W    W
W    W
W    W
WG   W
W    W
W SS W
W H RW
W    W
W    W
W    W
W    W
W    W
W    W
W    W
W  G W
W    W
W    W
W    W
WWWWWW

VISION
  W   
      
      
      
      
      
  S   
W H RW
      
      
      
      
      
      
      
      
      
      
      
  W   

