SEED 14
BOARD:
WWWWWWWWW
W       W
W       W
W       W
W       W
W       W
W       W
WG      W
W       W
W       W
W       W
W       W
W       W
W       W
W       W
W       W
W    H  W
W   SS  W
W       W
W       W
W       W
WG      W
W       W
W       W
W       W
W       W
W       W
W       W
W       W
W       W
W       W
W       W
W    R  W
WWWWWWWWW

VISION
     W   
         
         
         
         
         
         
         
         
         
         
         
         
         
         
         
W    H  W
     S   
         
         
         
         
         
         
         
         
         
         
         
         
         
         
     R   
     W   

