SEED 0
BOARD:
WWWWWWWWWWWW
W          W
W          W
W         RW
W          W
W          W
W  G S     W
W    SH    W
W         GW
W          W
W          W
WWWWWWWWWWWW

VISION
      W     
            
            
            
            
            
            
W    SH    W
            
            
            
      W     

