SEED 10
BOARD:
WWWWWW
W    W
W    W
W    W
W    W
W    W
W    W
W    W
W  R W
W    W
W    W
W G  W
W   GW
W  H W
W  SSW
W    W
W    W
W    W
W    W
WWWWWW

VISION
   W  
      
      
      
      
      
      
      
   R  
      
      
      
      
W  H W
   S  
      
      
      
      
   W  

