SEED 18
BOARD:
WWWWWWWWW
W       W
W       W
W       W
W       W
W       W
W       W
W       W
W       W
W       W
W       W
W       W
W       W
W     G W
W       W
W       W
W       W
W       W
WSH G   W
WS      W
W       W
W       W
W       W
W       W
W       W
W       W
W       W
W       W
W       W
W       W
W       W
WR      W
W       W
WWWWWWWWW

VISION
  W      
         
         
         
         
         
         
         
         
         
         
         
         
         
         
         
         
         
WSH G   W
         
         
         
         
         
         
         
         
         
         
         
         
         
         
  W      

