SEED 2
BOARD:
INIT
WWWWWWWWWWWW
W          W
W          W
W          W
W  HS      W
W   S      W
W  G       W
W          W
WR         W
W         GW
W          W
WWWWWWWWWWWW

VISION
   W        
   0        
   0        
   0        
W00HS000000W
   0        
   G        
   0        
   0        
   0        
   0        
   W        

