SEED 14
BOARD:
WWWWWWWWW
W       W
W       W
W       W
W       W
W       W
W       W
W       W
W       W
W       W
W       W
W       W
W       W
W       W
W       W
WSS     W
W H     W
W       W
W       W
W       W
W       W
W     G W
W      RW
W       W
W       W
W       W
W       W
W       W
W    G  W
W       W
W       W
W       W
W       W
WWWWWWWWW

VISION
  W      
         
         
         
         
         
         
         
         
         
         
         
         
         
         
  S      
W H     W
         
         
         
         
         
         
         
         
         
         
         
         
         
         
         
         
  W      

