SEED 12
BOARD:
WWWWWWWWW
W       W
W       W
W       W
WR      W
W     SSW
W     H W
W     G W
W       W
W       W
W       W
W       W
W       W
W       W
W       W
W    G  W
W       W
W       W
W       W
W       W
W       W
W       W
W       W
W       W
W       W
W       W
W       W
W       W
W       W
W       W
W       W
W       W
W       W
WWWWWWWWW

VISION
      W  
      0  
      0  
      0  
      0  
      S  
W00000H0W
      G  
      0  
      0  
      0  
      0  
      0  
      0  
      0  
      0  
      0  
      0  
      0  
      0  
      0  
      0  
      0  
      0  
      0  
      0  
      0  
      0  
      0  
      0  
      0  
      0  
      0  
      W  

