SEED 17
BOARD:
WWWWWWWWW
W       W
W       W
W       W
W      RW
W       W
W       W
W       W
W       W
W       W
W       W
W       W
W       W
W       W
W       W
W       W
W       W
W       W
WS      W
WS      W
WH      W
W       W
W       W
W       W
W       W
W       W
W       W
W G     W
W       W
W       W
W       W
W   G   W
W       W
WWWWWWWWW

VISION
 W       
         
         
         
         
         
         
         
         
         
         
         
         
         
         
         
         
         
 S       
 S       
WH      W
         
         
         
         
         
         
         
         
         
         
         
         
 W       

