SEED 15
BOARD:
WWWWWWWWW
W       W
W       W
W       W
W       W
W       W
W       W
W       W
W   G   W
W       W
W       W
W       W
W       W
W       W
W       W
W  G    W
WS    R W
WSH     W
W       W
W       W
W       W
W       W
W       W
W       W
W       W
W       W
W       W
W       W
W       W
W       W
W       W
W       W
W       W
WWWWWWWWW

VISION
  W      
         
         
         
         
         
         
         
         
         
         
         
         
         
         
         
         
WSH     W
         
         
         
         
         
         
         
         
         
         
         
         
         
         
         
  W      

