SEED 11
BOARD:
WWWWWW
W    W
W    W
W    W
W   GW
W    W
W    W
W    W
W G  W
WR   W
W    W
W    W
W H  W
W S  W
W S  W
W    W
W    W
W    W
W    W
WWWWWW

VISION
  W   
      
      
      
      
      
      
      
  G   
      
      
      
W H  W
  S   
  S   
      
      
      
      
  W   

