SEED 18
BOARD:
WWWWWWWWW
W       W
W  G    W
W      RW
W       W
W       W
W    G  W
W       W
W       W
W       W
W       W
W       W
W       W
W       W
W       W
W       W
W       W
W       W
W       W
W       W
W    H  W
W    SS W
W       W
W       W
W       W
W       W
W       W
W       W
W       W
W       W
W       W
W       W
W       W
WWWWWWWWW

VISION
     W   
         
         
         
         
         
     G   
         
         
         
         
         
         
         
         
         
         
         
         
         
W    H  W
     S   
         
         
         
         
         
         
         
         
         
         
         
     W   

