SEED 16
BOARD:
WWWWWWWWW
W       W
W       W
W       W
W       W
W       W
W       W
W       W
W G     W
W       W
W     R W
W       W
W  G    W
W       W
W       W
WH      W
WS      W
WS      W
W       W
W       W
W       W
W       W
W       W
W       W
W       W
W       W
W       W
W       W
W       W
W       W
W       W
W       W
W       W
WWWWWWWWW

VISION
 W       
         
         
         
         
         
         
         
         
         
         
         
         
         
         
WH      W
 S       
 S       
         
         
         
         
         
         
         
         
         
         
         
         
         
         
         
 W       

