SEED 19
BOARD:
INIT
WWWWWWWWW
WR      W
W       W
W       W
WS      W
WS      W
WH      W
W       W
W       W
W       W
W       W
W       W
W       W
W       W
W       W
W       W
W       W
W       W
W       W
W       W
W       W
W       W
W     G W
W       W
W       W
W       W
W       W
W       W
W       W
W      GW
W       W
W       W
W       W
WWWWWWWWW

VISION
 W       
 R       
 0       
 0       
 S       
 S       
WH000000W
 0       
 0       
 0       
 0       
 0       
 0       
 0       
 0       
 0       
 0       
 0       
 0       
 0       
 0       
 0       
 0       
 0       
 0       
 0       
 0       
 0       
 0       
 0       
 0       
 0       
 0       
 W       

