SEED 1
BOARD:
WWWWWWWWWWWW
W          W
W          W
W          W
WH         W
WSS        W
W          W
W        G W
W   R      W
W          W
W  G       W
WWWWWWWWWWWW

VISION
 W          
            
            
            
WH         W
 S          
            
            
            
            
            
 W          

