SEED 0
BOARD:
INIT
WWWWWWWWWWWW
W          W
W          W
W         RW
W          W
W          W
W  G S     W
W    SH    W
W         GW
W          W
W          W
WWWWWWWWWWWW

VISION
      W     
      0     
      0     
      0     
      0     
      0     
      0     
W0000SH0000W
      0     
      0     
      0     
      W     

