SEED 2
BOARD:
WWWWWWWWWWWW
W          W
W          W
W          W
W  HS      W
W   S      W
W  G       W
W          W
WR         W
W         GW
W          W
WWWWWWWWWWWW

VISION
   W        
            
            
            
W  HS      W
            
   G        
            
            
            
            
   W        

