SEED 1
BOARD:
WWWWWWWWWWWW
W       S  W
W       S  W
W       H  W
W          W
W          W
W          W
W     G    W
W          W
W         RW
W         GW
WWWWWWWWWWWW

VISION
        W   
        S   
        S   
W       H  W
            
            
            
            
            
            
            
        W   

