SEED 8
BOARD:
WWWWWW
W    W
W    W
W    W
W    W
W    W
WG   W
W    W
W G  W
W    W
W    W
W    W
W    W
W    W
W    W
W    W
W  SSW
W  RHW
W    W
WWWWWW

VISION
    W 
    0 
    0 
    0 
    0 
    0 
    0 
    0 
    0 
    0 
    0 
    0 
    0 
    0 
    0 
    0 
    S 
W00RHW
    0 
    W 

