SEED 12
BOARD:
WWWWWWWWW
W       W
W       W
W       W
W       W
W       W
W       W
W       W
W       W
W       W
W       W
W       W
W   G   W
WSS     W
W H     W
W       W
W  G    W
W       W
W       W
W       W
W       W
W R     W
W       W
W       W
W       W
W       W
W       W
W       W
W       W
W       W
W       W
W       W
W       W
WWWWWWWWW

VISION
  W      
         
         
         
         
         
         
         
         
         
         
         
         
  S      
W H     W
         
         
         
         
         
         
  R      
         
         
         
         
         
         
         
         
         
         
         
  W      

