SEED 15
BOARD:
WWWWWWWWW
W      GW
W       W
W       W
W       W
W       W
W       W
W       W
W       W
W       W
W       W
W       W
W       W
WR      W
W G     W
W       W
W       W
W       W
W       W
W       W
W       W
W       W
W       W
W       W
W       W
W       W
W       W
W       W
W S     W
W S     W
W H     W
W       W
W       W
WWWWWWWWW

VISION
  W      
         
         
         
         
         
         
         
         
         
         
         
         
         
  G      
         
         
         
         
         
         
         
         
         
         
         
         
         
  S      
  S      
W H     W
         
         
  W      

