SEED 9
BOARD:
WWWWWW
WSS  W
W H  W
W    W
W R  W
W    W
W    W
W    W
W    W
W    W
W    W
W    W
W    W
W    W
WG   W
W    W
W    W
W    W
W   GW
WWWWWW

VISION
  W   
  S   
W H  W
      
  R   
      
      
      
      
      
      
      
      
      
      
      
      
      
      
  W   

