SEED 15
BOARD:
WWWWWWWWW
W      GW
W       W
W       W
W       W
W       W
W       W
W       W
W       W
W       W
W       W
W       W
W       W
WR      W
W G     W
W       W
W       W
W       W
W       W
W       W
W       W
W       W
W       W
W       W
W       W
W       W
W       W
W       W
W S     W
W S     W
W H     W
W       W
W       W
WWWWWWWWW

VISION
  W      
  0      
  0      
  0      
  0      
  0      
  0      
  0      
  0      
  0      
  0      
  0      
  0      
  0      
  G      
  0      
  0      
  0      
  0      
  0      
  0      
  0      
  0      
  0      
  0      
  0      
  0      
  0      
  S      
  S      
W0H00000W
  0      
  0      
  W      

