SEED 3
BOARD:
WWWWWWWWWWWW
W          W
W          W
W          W
W          W
WG   HS    W
W     S    W
W       G  W
W          W
W          W
W R        W
WWWWWWWWWWWW

VISION
     W      
            
            
            
            
WG   HS    W
            
            
            
            
            
     W      

