SEED 12
BOARD:
WWWWWWWWW
W       W
W       W
W       W
WR      W
W     SSW
W     H W
W     G W
W       W
W       W
W       W
W       W
W       W
W       W
W       W
W    G  W
W       W
W       W
W       W
W       W
W       W
W       W
W       W
W       W
W       W
W       W
W       W
W       W
W       W
W       W
W       W
W       W
W       W
WWWWWWWWW

VISION
      W  
         
         
         
         
      S  
W     H W
      G  
         
         
         
         
         
         
         
         
         
         
         
         
         
         
         
         
         
         
         
         
         
         
         
         
         
      W  

