SEED 17
BOARD:
WWWWWWWWW
W       W
W       W
W       W
W       W
W       W
W       W
W      RW
W       W
W       W
W   SSH W
W       W
W       W
W       W
W       W
W       W
W       W
W       W
W       W
W       W
W       W
W G     W
W       W
W       W
W      GW
W       W
W       W
W       W
W       W
W       W
W       W
W       W
W       W
WWWWWWWWW

VISION
      W  
         
         
         
         
         
         
         
         
         
W   SSH W
         
         
         
         
         
         
         
         
         
         
         
         
         
         
         
         
         
         
         
         
         
         
      W  

