SEED 14
BOARD:
WWWWWWWWW
W       W
W       W
W       W
W       W
W       W
W       W
WG      W
W       W
W       W
W       W
W       W
W       W
W       W
W       W
W       W
W    H  W
W   SS  W
W       W
W       W
W       W
WG      W
W       W
W       W
W       W
W       W
W       W
W       W
W       W
W       W
W       W
W       W
W    R  W
WWWWWWWWW

VISION
     W   
     0   
     0   
     0   
     0   
     0   
     0   
     0   
     0   
     0   
     0   
     0   
     0   
     0   
     0   
     0   
W0000H00W
     S   
     0   
     0   
     0   
     0   
     0   
     0   
     0   
     0   
     0   
     0   
     0   
     0   
     0   
     0   
     R   
     W   

