SEED 13
BOARD:
WWWWWWWWW
W       W
W       W
W       W
W       W
W       W
W    G  W
W       W
W       W
W       W
W       W
WG      W
W       W
W       W
W       W
W       W
W       W
W       W
W       W
W       W
W       W
W       W
W       W
W       W
W       W
W     SSW
W     H W
W       W
W       W
W       W
W R     W
W       W
W       W
WWWWWWWWW

VISION
      W  
         
         
         
         
         
         
         
         
         
         
         
         
         
         
         
         
         
         
         
         
         
         
         
         
      S  
W     H W
         
         
         
         
         
         
      W  

